57e00000 T _start
57e00020 t _undefined_instruction
57e00024 t _software_interrupt
57e00028 t _prefetch_abort
57e0002c t _data_abort
57e00030 t _not_used
57e00034 t _irq
57e00038 t _fiq
57e0003c t _pad
57e00040 T _end_vect
57e00040 t _TEXT_BASE
57e00044 t _TEXT_PHY_BASE
57e00048 T _armboot_start
57e0004c T _bss_start
57e00050 T _bss_end
57e00054 t reset
57e00074 t cpu_init_crit
57e00104 t nn
57e0010c t delay1
57e00120 t delay2
57e00130 t after_copy
57e00130 t skip_hw_init
57e00130 t stack_setup
57e00134 t clear_bss
57e00140 t clbss_l
57e0018c t nn1
57e00194 t delay3
57e001a8 t delay4
57e001b8 t _start_armboot
57e001bc T copy_from_nand
57e00208 t copy_failed
57e00210 t compare_failed
57e00220 t undefined_instruction
57e00280 t software_interrupt
57e002e0 t prefetch_abort
57e00340 t data_abort
57e003a0 t not_used
57e00400 t irq
57e00460 t fiq
57e004c0 T arm1136_cache_flush
57e00500 T mem_ctrl_asm_init
57e005fc t check_dmc1_ready
57e00618 T cleanDCache
57e00624 T cleanFlushDCache
57e00630 T cleanFlushCache
57e0065c T copy_uboot_to_ram
57e00780 T movi_set_capacity
57e007a4 T movi_set_ofs
57e007f8 T movi_bl2_copy
57e0084c T movi_read_env
57e00860 T movi_write_env
57e00874 T movi_init
57e008ac T raise
57e008b0 T __aeabi_ldiv0
57e008b4 T __div0
57e008b8 t _TEXT_BASE
57e008bc T lowlevel_init
57e0098c t wakeup_reset
57e009b8 t system_clock_init
57e009ec t check_syncack
57e00a8c t uart_asm_init
57e00adc t nand_asm_init
57e00b64 T enable_interrupts
57e00b68 T disable_interrupts
57e00b70 T set_timer
57e00b80 T reset_timer_masked
57e00bb4 T get_timer_masked
57e00c1c T get_timer
57e00c30 T udelay_masked
57e00ca4 T get_ticks
57e00cc0 T get_tbclk
57e00cd8 T interrupt_init
57e00d64 T show_regs
57e00ea0 T bad_mode
57e00ec4 T do_irq
57e00ee8 T do_fiq
57e00f0c T do_not_used
57e00f30 T do_data_abort
57e00f54 T do_prefetch_abort
57e00f78 T do_software_interrupt
57e00f9c T do_undefined_instruction
57e00fc0 T reset_timer
57e00ff4 T udelay
57e0109c t cp_delay
57e010c8 T cpu_init
57e010d0 T cleanup_before_linux
57e01104 T reset_cpu
57e01144 T do_reset
57e01164 T icache_enable
57e01180 T branch_status
57e01190 T dcache_status
57e011a0 T icache_status
57e011b0 T branch_disable
57e011cc T branch_enable
57e011e8 T dcache_disable
57e01204 T dcache_enable
57e01220 T icache_disable
57e0123c t wait_for_r_buf_ready
57e01298 t ClearTransferCompleteStatus
57e012d0 t ClearBufferReadReadyStatus
57e01308 t card_irq_enable
57e0132c T hsmmc_reset
57e01340 T hsmmc_set_gpio
57e01374 t set_transfer_mode_register
57e013a8 t hsmmc_clock_onoff
57e013f4 t set_cmd_register
57e0144c t set_hostctl_speed
57e0146c t check_dma_int
57e014d0 t set_clock
57e01558 t wait_for_cmd_done
57e015bc t issue_command
57e016d4 t check_card_status
57e01718 t set_sd_speed
57e01810 t set_mmc_speed
57e0184c T hsmmc_init
57e01ed0 T movi_write
57e020a4 T movi_read
57e0221c T test_hsmmc
57e02868 T serial_setbrg
57e0286c T serial_putc
57e02898 T serial_tstc
57e028ac T serial_puts
57e028d0 T serial_getc
57e028ec T serial_init
57e028f4 t get_PLLCLK
57e02960 T get_UCLK
57e02968 T get_FCLK
57e02970 T get_PCLK
57e029cc T get_HCLK
57e02a28 T get_ARMCLK
57e02a50 T print_cpuinfo
57e02b60 T sbrk
57e02bac T hang
57e02bbc t display_dram_config
57e02bec t display_banner
57e02c14 t init_baudrate
57e02c74 T start_armboot
57e02ed4 t __fswab16
57e02ef0 t __fswab32
57e02f10 t startAgainTimeout
57e02f24 t startAgainHandler
57e02f28 T NetSetHandler
57e02f38 T NetCksum
57e02f7c T NetCksumOk
57e02fa8 T copy_filename
57e02ff8 T string_to_VLAN
57e03048 T getenv_VLAN
57e03060 T string_to_ip
57e030d4 T getenv_IPaddr
57e030ec T NetEthHdrSize
57e03138 T VLAN_to_string
57e03190 T ip_to_string
57e031dc T print_IPaddr
57e03200 T NetSetEther
57e032c0 t NetCopyIP
57e032c8 T NetSetIP
57e033d4 t NetWriteIP
57e033f8 t NetReadIP
57e0341c t PingHandler
57e03454 T NetSendPacket
57e03458 T ArpRequest
57e03584 T NetReceive
57e03aa4 T PingSend
57e03c34 T NetSetTimeout
57e03c70 T NetSendUDPPacket
57e03de4 t PingTimeout
57e03e08 T NetStartAgain
57e03e90 T ArpTimeoutCheck
57e03f14 T NetLoop
57e04378 t __fswab16
57e04394 t TftpSend
57e04524 T TftpStart
57e04744 t TftpTimeout
57e047ac t TftpHandler
57e04a2c t __fswab16
57e04a48 t __fswab32
57e04a68 t truncate_sz
57e04a9c t NetCopyIP
57e04aa4 t NetWriteIP
57e04ac8 t NetReadLong
57e04aec T BootpRequest
57e04d20 t BootpHandler
57e050ac t BootpTimeout
57e05100 T RarpRequest
57e0520c t RarpHandler
57e05278 t RarpTimeout
57e052cc T eth_initialize
57e052d4 t __fswab32
57e052f4 t NfsTimeout
57e05320 t basename
57e05358 t dirname
57e05374 t rpc_lookup_reply
57e05434 t rpc_add_credentials
57e0550c t rpc_req
57e05624 t rpc_lookup_req
57e05684 t NfsSend
57e05918 T NfsStart
57e05b88 t NfsHandler
57e060cc t get_reg_init_bus
57e0612c t eth_reginit
57e06184 t cs8900_e2prom_ready
57e061ac t eth_reset
57e06214 T eth_halt
57e06238 T cs8900_e2prom_write
57e06298 T eth_init
57e0632c T cs8900_e2prom_read
57e06370 T eth_send
57e06444 T eth_rx
57e064cc T cs8900_get_enetaddr
57e066e4 T nand_init
57e06784 t generic_ffs
57e067dc t nand_release_device
57e067fc t nand_read_byte
57e0680c t nand_read_byte16
57e06820 t nand_read_word
57e06830 t nand_write_buf
57e06860 t nand_read_buf
57e06888 t nand_verify_buf
57e068cc t nand_write_buf16
57e068fc t nand_read_buf16
57e06928 t nand_verify_buf16
57e0696c t nand_check_wp
57e069b0 T nand_wait_ready
57e069cc t nand_read_page_raw
57e06a0c t nand_read_page_swecc
57e06b20 t nand_read_page_hwecc
57e06c54 t nand_read_page_syndrome
57e06d78 t nand_read_oob_std
57e06dc4 t nand_read_oob_syndrome
57e06ed8 t nand_write_oob_std
57e06f50 t nand_write_oob_syndrome
57e07118 t nand_write_page_raw
57e07154 t nand_write_page_swecc
57e07204 t nand_write_page_hwecc
57e072d8 t nand_write_page_syndrome
57e073c8 t single_erase_cmd
57e0740c t multi_erase_cmd
57e07498 T nand_release
57e074c0 T nand_scan_ident
57e0798c t nand_resume
57e079ac T nand_scan_tail
57e07e74 T nand_scan
57e07e94 t nand_select_chip
57e07f00 t nand_block_isbad
57e07f7c t nand_block_markbad
57e07fc0 t nand_fill_oob
57e080d4 t nand_do_write_oob
57e081e4 t nand_do_write_ops
57e0850c t nand_write_page
57e085d4 t nand_transfer_oob
57e086ec t nand_do_read_ops
57e08a94 T nand_read
57e08b3c t nand_command_lp
57e08d90 t nand_command
57e08f4c T nand_erase_nand
57e09200 t nand_erase
57e09208 t nand_default_block_markbad
57e092e4 t nand_wait
57e093b8 t nand_block_bad
57e094d0 t nand_suspend
57e094d8 t nand_sync
57e094dc t nand_write_oob
57e09598 t nand_write
57e09640 t nand_read_oob
57e0980c T nand_calculate_ecc
57e09904 T nand_correct_data
57e09a2c t check_pattern
57e09ae4 t scan_read_raw
57e09b30 t search_bbt
57e09cb8 T nand_isbad_bbt
57e09d08 t create_bbt
57e0a024 t read_bbt
57e0a234 t read_abs_bbt
57e0a300 t write_bbt
57e0a950 T nand_update_bbt
57e0aaa8 t mark_bbt_region
57e0ac1c T nand_scan_bbt
57e0b0ac T nand_default_bbt
57e0b184 T run_command
57e0b554 t cread_add_char
57e0b650 t cread_add_str
57e0b6a8 T readline
57e0bd40 T main_loop
57e0be84 t print_num
57e0be98 T do_bdinfo
57e0bf84 T do_go
57e0c004 t __fswab32
57e0c024 T gunzip
57e0c17c t zfree
57e0c184 t zalloc
57e0c194 T print_image_hdr
57e0c594 t do_imls
57e0c59c T do_bootm
57e0cbdc t on_off
57e0cc18 T do_branch
57e0cca4 T do_dcache
57e0cd30 T do_icache
57e0cdbc t cnvrt2
57e0ce00 T mk_date
57e0cfcc T do_date
57e0d0e0 T valid_elf_image
57e0d134 T load_elf_image
57e0d244 T do_bootvx
57e0d3c0 T do_bootelf
57e0d464 T flash_sect_protect
57e0d484 T flash_sect_erase
57e0d4a4 T do_flinfo
57e0d4e4 t addr_spec
57e0d5a8 t abbrev_spec
57e0d70c T do_protect
57e0d8d8 T do_flerase
57e0da24 t evalstr
57e0da40 t evalexp
57e0da8c T binary_test
57e0dc68 T do_itest
57e0dd10 T ktrans
57e0dd30 T chk1
57e0dd5c t bin_data_init
57e0dd94 t bin_data_char
57e0ddd8 T k_data_init
57e0de08 T k_data_save
57e0de6c T k_data_restore
57e0ded0 T k_data_char
57e0df34 T send_pad
57e0df70 T s1_sendpacket
57e0df98 T handle_send_packet
57e0e190 T send_nack
57e0e1fc T send_ack
57e0e268 t getcxmodem
57e0e294 T do_load_serial_bin
57e0e97c T do_load_serial
57e0ec88 T do_mem_base
57e0ecd4 T do_mem_crc
57e0ed8c T do_mem_mtest
57e0eebc T cmd_get_data_size
57e0ef3c t mod_mem
57e0f0bc T do_mem_nm
57e0f0e4 T do_mem_mm
57e0f10c T do_mem_loop
57e0f204 T do_mem_cp
57e0f334 T do_mem_cmp
57e0f4e0 T do_mem_mw
57e0f5b8 T do_mem_md
57e0f7bc T do_sleep
57e0f850 t __fswab32
57e0f870 t nand_read
57e0f89c t str2long
57e0f8e0 t arg_off_size
57e0f9c0 T do_nandboot
57e0fc00 T do_nand
57e10800 T do_ping
57e10890 t netboot_common
57e10b50 T do_nfs
57e10b5c T do_rarpb
57e10b68 T do_tftpb
57e10b74 T do_bootp
57e10b80 t envmatch
57e10bf8 T getenv_r
57e10cc0 T do_saveenv
57e10cf4 T getenv
57e10d74 T _do_setenv
57e1124c T do_setenv
57e11298 T setenv
57e112d0 T do_printenv
57e11474 T usb_get_class_desc
57e11518 T usb_display_ep_desc
57e115ec T usb_display_class_sub
57e117fc T usb_show_tree_graph
57e11ab4 T usb_show_tree
57e11ae8 T usb_display_desc
57e11d20 T usb_display_string
57e11d58 T usb_display_if_desc
57e11df0 T usb_display_conf_desc
57e11ea0 T usb_display_config
57e11f34 T do_usb
57e12118 T find_cmd
57e121b4 T do_echo
57e12240 T do_help
57e123f0 T do_version
57e12418 T do_exit
57e12450 T do_test
57e128a0 t console_setfile
57e12948 T fgetc
57e12978 T ftstc
57e129a8 T fputc
57e129dc T fputs
57e12a10 T disable_ctrlc
57e12a28 T had_ctrlc
57e12a38 T clear_ctrlc
57e12a4c T dbg
57e12a58 T console_init_f
57e12a68 T console_assign
57e12b04 T fprintf
57e12b4c T puts
57e12b68 T vprintf
57e12b94 T printf
57e12bd4 T console_init_r
57e12d6c T serial_printf
57e12dac T putc
57e12dc8 T tstc
57e12de0 T getc
57e12df8 T ctrlc
57e12e58 T devices_done
57e12e7c T device_register
57e12ea8 T devices_init
57e12f68 T malloc_bin_reloc
57e12fa0 T malloc_usable_size
57e12fe4 T mallopt
57e13058 T malloc_trim
57e1312c T free
57e13384 T cfree
57e13388 T malloc
57e139ac T memalign
57e13ac8 T pvalloc
57e13ae0 T valloc
57e13aec T calloc
57e13bd4 T realloc
57e14050 T env_get_char_memory
57e14070 T env_get_addr
57e14090 t env_get_char_init
57e140bc T env_crc_update
57e140e8 T env_relocate
57e14188 T env_get_char_spec
57e14194 T env_init
57e141b0 T env_relocate_spec
57e142a4 T saveenv
57e142d4 t dummy
57e142d8 T get_version
57e142e0 T jumptable_init
57e14398 T flash_protect
57e144a4 T addr2info
57e144ac T flash_perror
57e1458c T flash_write
57e146fc t b_reset
57e14718 T simple_itoa
57e14774 t static_get
57e14790 t static_peek
57e1479c t file_peek
57e147a8 t setup_string_in_str
57e147d4 t is_assignment
57e1482c T mapset
57e14850 T u_boot_hush_start
57e148d4 t file_get
57e14a88 t xmalloc
57e14ab4 T new_pipe
57e14ae4 t syntax_err
57e14af0 t free_pipe_list
57e14be0 t b_free
57e14c04 t xrealloc
57e14c30 t done_command
57e14cb8 t done_pipe
57e14d08 t initialize_context
57e14d48 t b_addchr
57e14dc8 t b_addqchr
57e14e24 T reserved_word
57e14f58 t done_word
57e150d4 t insert_var_value
57e15288 t set_local_var
57e15440 T update_ifs_map
57e154b0 t parse_stream_outer
57e15a98 T parse_file_outer
57e15ae0 T parse_string_outer
57e15ba8 t run_list_real
57e163e4 T GetHandleSize
57e163ec T ListSetAllocationPolicy
57e16400 T ListGetPtrToItem
57e16430 T ListGetDataPtr
57e1643c T ListGetItemSize
57e16448 T ListNumItems
57e16454 T ListGetItems
57e1649c T SetHandleSize
57e16518 T ListInsertItems
57e166dc T ListInsertItem
57e166e4 T DisposeHandle
57e16704 T ListDispose
57e16708 T NewHandle
57e16764 T ListCreate
57e167c4 t hex1_bin
57e167fc t hex2_bin
57e16838 T srec_decode
57e16a94 T usb_disable_asynch
57e16aac T usb_maxpacket
57e16ad0 T usb_set_maxpacket
57e16b80 T usb_get_dev_index
57e16ba8 T usb_hub_reset
57e16bbc T usb_hub_allocate
57e16c08 T usb_alloc_new_device
57e16cac T usb_parse_config
57e16e38 T usb_submit_int_msg
57e16e3c T wait_ms
57e16e5c T usb_bulk_msg
57e16ec4 T usb_control_msg
57e16fc0 T usb_get_port_status
57e17020 T usb_get_hub_status
57e17078 T usb_set_port_feature
57e170d8 t usb_hub_power_on
57e1711c T usb_clear_port_feature
57e1717c T usb_clear_hub_feature
57e171d4 T usb_get_hub_descriptor
57e17234 T usb_get_string
57e172b0 t usb_string_sub
57e173bc T usb_string
57e174b8 T usb_get_class_descriptor
57e17528 T usb_get_report
57e17598 T usb_set_idle
57e175fc T usb_set_protocol
57e1765c T usb_set_configuration
57e176c4 T usb_set_interface
57e17790 T usb_set_address
57e177d8 T usb_get_descriptor
57e17844 T usb_get_configuration_no
57e178e4 T usb_new_device
57e17b84 T usb_hub_port_connect_change
57e17cec T usb_hub_configure
57e17f28 T usb_hub_probe
57e17f88 T usb_scan_devices
57e17fec T usb_clear_halt
57e18090 T usb_init
57e1812c T usb_stop
57e1815c T parse_num
57e18290 T xyzModem_error
57e1832c T xyzModem_stream_close
57e18380 T CYGACC_COMM_IF_PUTC
57e18388 T CYGACC_COMM_IF_GETC_TIMEOUT
57e183dc t xyzModem_flush
57e18410 T xyzModem_stream_terminate
57e184e4 t xyzModem_get_hdr
57e18788 T xyzModem_stream_read
57e18a04 T xyzModem_stream_open
57e18b64 T do_usbd_dnw
57e18c78 T do_movi
57e19024 T cyg_crc16
57e1906c T crc32
57e1916c T crc32_no_comp
57e19264 T print_size
57e19304 T display_options
57e1932c T strcpy
57e19344 T strncpy
57e1936c T strcat
57e19398 T strncat
57e193e4 T strcmp
57e19410 T strncmp
57e19454 T strchr
57e19480 T strlen
57e194a0 T strrchr
57e194e0 T strnlen
57e19508 T strspn
57e1954c T strpbrk
57e1958c T strtok
57e19618 T strsep
57e19654 T strswab
57e196a0 T memset
57e196bc T bcopy
57e196e8 T memcpy
57e19708 T memmove
57e19750 T memcmp
57e1978c T memscan
57e197b0 T strstr
57e1981c T memchr
57e19848 T strdup
57e19884 T simple_strtoul
57e19944 T simple_strtol
57e19978 t skip_atoi
57e199b4 t number
57e19c1c T panic
57e19c74 T vsprintf
57e1a06c T sprintf
57e1a09c t falloc
57e1a0c0 t ffree
57e1a0c4 t inflate_trees_free
57e1a100 t huft_build
57e1a710 t inflate_codes_new
57e1a768 t inflate_codes_free
57e1a790 t inflate_blocks_reset
57e1a85c T inflateEnd
57e1a8fc T inflateReset
57e1a964 T inflateSync
57e1aa6c T inflateInit2
57e1abac T inflateInit
57e1abb4 T adler32
57e1ad30 t inflate_flush
57e1aeac T inflateIncomp
57e1afdc T inflate
57e1cf2c T board_init
57e1cf7c T dram_init
57e1cf9c T led4_sw
57e1d044 T checkboard
57e1d064 T board_late_init
57e1d10c t write_hword
57e1d208 T write_buff
57e1d390 T flash_print_info
57e1d4b0 T flash_erase
57e1d6c0 T flash_init
57e1d70c t WaitForXfer
57e1d760 t i2c_transfer
57e1da74 T i2c_write
57e1db08 T vga_init
57e1db74 T i2c_read
57e1dc10 T i2c_probe
57e1dc50 T i2c_init
57e1dd2c t td_alloc
57e1dd6c t urb_free_priv
57e1dda8 T rh_check_port_status
57e1ddb0 T submit_common_msg
57e1ddb8 T submit_control_msg
57e1ddc0 T submit_int_msg
57e1ddc8 T usb_lowlevel_init
57e1ddd0 T usb_lowlevel_stop
57e1ddd8 t td_fill
57e1de88 T sohci_submit_job
57e1e3ec T submit_bulk_msg
57e1e3f4 t s3c_nand_hwcontrol
57e1e46c t s3c_nand_device_ready
57e1e488 T board_nand_init
57e1e504 t s3c_nand_scan_bbt
57e1e508 T s3c_usb_core_soft_reset
57e1e524 T s3c_usb_init_core
57e1e540 T s3c_usb_check_current_mode
57e1e554 T s3c_usb_set_soft_disconnect
57e1e568 T s3c_usb_clear_soft_disconnect
57e1e57c T s3c_usb_init_device
57e1e5bc T s3c_usbc_activate
57e1e5c4 T s3c_usb_stop
57e1e5cc T s3c_usb_set_inep_xfersize
57e1e5f8 T s3c_usb_set_outep_xfersize
57e1e628 T s3c_usb_write_ep0_fifo
57e1e67c T s3c_usb_write_in_fifo
57e1e6d0 T s3c_usb_read_out_fifo
57e1e720 T s3c_usb_get_desc
57e1e8f0 T s3c_usb_clear_feature
57e1e984 T s3c_usb_set_feature
57e1eafc T s3c_usb_get_status
57e1ebcc T s3c_usb_ep0_int_hndlr
57e1ee04 T s3c_usb_set_otherspeed_conf_desc
57e1ef24 T s3c_usb_transfer_ep0
57e1fbd4 T s3c_usb_int_bulkin
57e1fda0 T s3c_usb_upload_start
57e1ffcc T s3c_usb_download_start
57e201e8 T s3c_usb_dma_in_done
57e202f8 T s3c_usb_set_all_outep_nak
57e20320 T s3c_usb_clear_all_outep_nak
57e20348 T s3c_usb_set_max_pktsize
57e203f8 T s3c_usb_set_endpoint
57e2044c T s3c_usb_set_descriptors
57e205e8 T s3c_usb_check_speed
57e20600 T s3c_usb_clear_dnfile_info
57e20640 T s3c_usb_clear_upfile_info
57e20680 T s3c_usb_check_setconf
57e206b0 T s3c_usb_set_opmode
57e20780 T s3c_usb_reset
57e207e8 T s3c_usb_set_init
57e20884 T s3c_usb_verify_checksum
57e20954 T s3c_usb_download_continue
57e20ac8 T s3c_usb_int_bulkout
57e20b18 T s3c_usb_pkt_receive
57e20b98 T s3c_usb_print_pkt
57e20be4 T s3c_usb_dma_out_done
57e20d00 T s3c_usb_transfer
57e20e24 T s3c_udc_int_hndlr
57e20ec0 T s3c_usb_wait_cable_insert
57e20f10 T s3c_usb_init_phy
57e20f50 T s3c_usbctl_init
57e21084 t __fswab32
57e210a4 T do_bootm_linux
57e21448 T flush_cache
57e2144c T GregorianDay
57e21540 T to_tm
57e21650 T mktime
57e216e4 t SetRTC_Access
57e21720 t bcd2bin
57e21734 t bin2bcd
57e2176c T rtc_set
57e2180c T rtc_get
57e21900 T rtc_reset
57e21928 t nand_block_bad_scrub
57e21930 T nand_lock
57e21984 T nand_unlock
57e21a9c T nand_get_lock_status
57e21b28 T nand_read_opts
57e21edc T nand_write_opts
57e2242c T nand_erase_opts
57e22798 T __div64_32
57e228b8 T __aeabi_uidiv
57e228b8 T __udivsi3
57e229b4 T __aeabi_uidivmod
57e229cc T __aeabi_idiv
57e229cc T __divsi3
57e22af8 T __aeabi_idivmod
57e22b10 T __aeabi_lasr
57e22b10 T __ashrdi3
57e22b2c T __aeabi_llsl
57e22b2c T __ashldi3
57e22d40 r C.7.2545
57e22dc0 R version_string
57e22e04 r default_nand_name
57e22e0c r __FUNCTION__.4390
57e22e1c r __FUNCTION__.3929
57e22e2c r __FUNCTION__.3426
57e22e3e r C.21.3069
57e22e40 r __FUNCTION__.2905
57e22e54 r nand_ecc_precalc_table
57e22f54 r baudrate_table
57e22f68 r crc16_tab
57e23168 r crc_table
57e23568 r border
57e235b4 r inflate_mask
57e235f8 R string_desc0
57e235fc R string_desc1
57e23612 R string_desc2
57e2363e R qualifier_desc
57e23648 R config_full
57e23651 R config_full_total
57e23671 R config_high
57e2367a R config_high_total
57e2369c r C.7.2208
57e29c28 D init_sequence
57e29c5c D NetBcastAddr
57e29c62 D NetOurVLAN
57e29c64 D NetOurNativeVLAN
57e29c68 d nfs_offset
57e29c6c D nand_curr_device
57e29c70 d nand_oob_8
57e29dc0 d nand_oob_16
57e29f10 d nand_oob_64
57e2a060 D nand_flash_ids
57e2a600 D nand_manuf_ids
57e2a640 d bbt_main_descr
57e2a664 d bbt_mirror_descr
57e2a688 d agand_flashbased
57e2a6ac d largepage_flashbased
57e2a6d0 d smallpage_flashbased
57e2a6f4 d largepage_memorybased
57e2a718 d smallpage_memorybased
57e2a73c d bbt_pattern
57e2a740 d mirror_pattern
57e2a744 d scan_agand_pattern
57e2a74a d scan_ff_pattern
57e2a74c d hist_cur
57e2a750 D load_addr
57e2a754 D weekdays
57e2a770 D op_table
57e2a7d8 d do_echo
57e2a7dc D dp_last_length
57e2a7e0 D stdio_names
57e2a7ec d trim_threshold
57e2a7f0 d mmap_threshold
57e2a7f4 d av_
57e2abfc d sbrk_base
57e2ac00 D env_get_char
57e2ac04 D default_environment
57e2ad24 D default_environment_size
57e2ad28 D env_name_spec
57e2ad2c d reserved_list
57e2adb0 D _ctype
57e2aeb0 D zlib_version
57e2aeb4 D z_errmsg
57e2aed4 d cplens
57e2af50 d cplext
57e2afcc d cpdist
57e2b044 d cpdext
57e2b0bc d fixed_left
57e2b0c0 D CH7026_REGS_VGA_640
57e2b238 D CH7026_REGS_TV
57e2b378 d CH7026_REGS_VGA_800
57e2b4d8 D test_pkt
57e2b510 d month_days
57e2b540 d autoplace_oobinfo
57e2b690 d jffs2_oobinfo
57e2b7e0 d yaffs_oobinfo
57e2b930 A __u_boot_cmd_start
57e2b930 D __u_boot_cmd_bdinfo
57e2b948 D __u_boot_cmd_go
57e2b960 D __u_boot_cmd_reset
57e2b978 D __u_boot_cmd_bootm
57e2b990 D __u_boot_cmd_imls
57e2b9a8 D __u_boot_cmd_icache
57e2b9c0 D __u_boot_cmd_dcache
57e2b9d8 D __u_boot_cmd_branch
57e2b9f0 D __u_boot_cmd_date
57e2ba08 D __u_boot_cmd_bootelf
57e2ba20 D __u_boot_cmd_bootvx
57e2ba38 D __u_boot_cmd_flinfo
57e2ba50 D __u_boot_cmd_erase
57e2ba68 D __u_boot_cmd_protect
57e2ba80 D __u_boot_cmd_itest
57e2ba98 D __u_boot_cmd_loads
57e2bab0 D __u_boot_cmd_loadb
57e2bac8 D __u_boot_cmd_loady
57e2bae0 D __u_boot_cmd_md
57e2baf8 D __u_boot_cmd_mm
57e2bb10 D __u_boot_cmd_nm
57e2bb28 D __u_boot_cmd_mw
57e2bb40 D __u_boot_cmd_cp
57e2bb58 D __u_boot_cmd_cmp
57e2bb70 D __u_boot_cmd_crc32
57e2bb88 D __u_boot_cmd_base
57e2bba0 D __u_boot_cmd_loop
57e2bbb8 D __u_boot_cmd_mtest
57e2bbd0 D __u_boot_cmd_sleep
57e2bbe8 D __u_boot_cmd_nand
57e2bc00 D __u_boot_cmd_nboot
57e2bc18 D __u_boot_cmd_bootp
57e2bc30 D __u_boot_cmd_tftpboot
57e2bc48 D __u_boot_cmd_rarpboot
57e2bc60 D __u_boot_cmd_nfs
57e2bc78 D __u_boot_cmd_ping
57e2bc90 D __u_boot_cmd_printenv
57e2bca8 D __u_boot_cmd_setenv
57e2bcc0 D __u_boot_cmd_saveenv
57e2bcd8 D __u_boot_cmd_usb
57e2bcf0 D __u_boot_cmd_version
57e2bd08 D __u_boot_cmd_echo
57e2bd20 D __u_boot_cmd_test
57e2bd38 D __u_boot_cmd_exit
57e2bd50 D __u_boot_cmd_help
57e2bd68 D __u_boot_cmd_question_mark
57e2bd80 D __u_boot_cmd_dnw
57e2bd98 D __u_boot_cmd_movi
57e2bdb0 A __bss_start
57e2bdb0 A __u_boot_cmd_end
57e2be00 B movi_hc
57e2be04 B timer_load_val
57e2be08 b timestamp
57e2be0c b lastdec
57e2be10 b BlockNum_HSMMC
57e2be14 b WriteBlockCnt_INT
57e2be18 b HS_DMA_END
57e2be1c b BufferBoundary_INT_Cnt
57e2be20 b CompareCnt_INT
57e2be24 b COMPARE_INT_DONE
57e2be28 b rca
57e2be2c b ocr_check
57e2be30 b ReadBlockCnt_INT
57e2be34 b mmc_card
57e2be38 b card_mid
57e2be3c b Tx_buffer_HSMMC
57e2be40 b Rx_buffer_HSMMC
57e2be44 b Compare_buffer_HSMMC
57e2be48 b rd_cnt_HSMMC
57e2be4c b wt_cnt_HSMMC
57e2be50 b mmc_spec
57e2be54 b sd_spec
57e2be58 b HCLK
57e2be5c B monitor_flash_len
57e2be60 b mem_malloc_start
57e2be64 b mem_malloc_end
57e2be68 b mem_malloc_brk
57e2be6c B NetOurSubnetMask
57e2be70 B NetOurGatewayIP
57e2be74 B NetOurDNSIP
57e2be78 B NetOurNISDomain
57e2be98 B NetOurHostName
57e2beb8 B NetOurRootPath
57e2bef8 B NetBootFileSize
57e2befa B NetServerEther
57e2bf00 B NetEtherNullAddr
57e2bf08 B NetTxPacket
57e2bf0c B NetBootFileXferSize
57e2bf10 B NetOurEther
57e2bf18 B NetOurIP
57e2bf1c B NetServerIP
57e2bf20 B NetRxPackets
57e2bf30 B NetRxPkt
57e2bf34 B NetRxPktLen
57e2bf38 B NetIPID
57e2bf3c B NetState
57e2bf40 B BootFile
57e2bfc0 B NetPingIP
57e2bfc4 B PktBuf
57e2dde4 B NetArpWaitPacketIP
57e2dde8 B NetArpWaitReplyIP
57e2ddec B NetArpWaitPacketMAC
57e2ddf0 B NetArpWaitTxPacket
57e2ddf4 B NetArpWaitTxPacketSize
57e2ddf8 B NetArpWaitPacketBuf
57e2e418 B NetArpWaitTimerStart
57e2e41c B NetArpWaitTry
57e2e420 b mac.2851
57e2e428 b packetHandler
57e2e42c b timeHandler
57e2e430 b timeStart
57e2e434 b timeDelta
57e2e438 b PingSeqNo
57e2e43c b TftpServerPort
57e2e440 b TftpOurPort
57e2e444 b TftpTimeoutCount
57e2e448 b TftpBlock
57e2e44c b TftpLastBlock
57e2e450 b TftpBlockWrap
57e2e454 b TftpBlockWrapOffset
57e2e458 b TftpState
57e2e45c b default_filename
57e2e46c b tftp_filename
57e2e470 B BootpID
57e2e474 B BootpTry
57e2e478 B RarpTry
57e2e47c b rpc_id
57e2e480 b fs_mounted
57e2e484 b nfs_len
57e2e488 b dirfh
57e2e4a8 b filefh
57e2e4c8 b NfsDownloadState
57e2e4cc b NfsServerIP
57e2e4d0 b NfsSrvMountPort
57e2e4d4 b NfsSrvNfsPort
57e2e4d8 b NfsOurPort
57e2e4dc b NfsTimeoutCount
57e2e4e0 b NfsState
57e2e4e4 b default_filename
57e2e524 b nfs_filename
57e2e528 b nfs_path
57e2e52c b nfs_path_buff
57e2ed2c B nand_info
57e2ede0 b nand_chip
57e2eee4 B hist_num
57e2eee8 B console_buffer
57e2efe8 B hist_list
57e2f038 B hist_lines
57e30438 b initted.2424
57e3043c b hist_max
57e30440 b hist_add_idx
57e30444 B header
57e30484 B os_data_count
57e30488 B os_data_header
57e304a8 B his_eol
57e304ac B his_pad_count
57e304b0 B his_pad_char
57e304b1 B his_quote
57e304b4 B os_data_init
57e304b8 B os_data_char
57e304bc B send_parms
57e304d0 B send_ptr
57e304d4 b a_b
57e304ec b os_data_state
57e304f0 b os_data_state_saved
57e304f4 b os_data_count_saved
57e304f8 b os_data_addr
57e304fc b os_data_addr_saved
57e30500 b bin_start_address
57e30504 b k_data_escape
57e30508 b k_data_escape_saved
57e3050c B dp_last_addr
57e30510 B dp_last_size
57e30514 B mm_last_addr
57e30518 B mm_last_size
57e3051c b base_address
57e30520 b ctrlc_was_pressed
57e30524 b ctrlc_disabled
57e30528 B devlist
57e3052c B stdio_devices
57e30538 b top_pad
57e3053c b n_mmaps_max
57e30540 b current_mallinfo
57e30568 b max_sbrked_mem
57e3056c b max_total_mem
57e30570 B env_ptr
57e30574 B last_return_code
57e30578 B nesting_level
57e3057c b top_vars
57e30580 b flag_repeat
57e30584 b do_repeat
57e30588 b the_command.2489
57e30688 b buf.2934
57e306b0 b local.2462
57e306c8 b ifs
57e306cc b map
57e307cc B usb_started
57e307d0 b usb_dev
57e3d050 b dev_index
57e3d054 b running
57e3d058 b asynch_allowed
57e3d05c b setup_packet
57e3d064 b hub_dev
57e3d164 b usb_hub_index
57e3d168 b xyz
57e3d5a4 B ofsinfo
57e3d5bc B ___strtok
57e3d5c0 b fixed_lock
57e3d5c4 b fixed_built
57e3d5c8 b fixed_mem
57e3e658 b fixed_bl
57e3e65c b fixed_bd
57e3e660 b fixed_tl
57e3e664 b fixed_td
57e3e668 B flash_info
57e3e700 B gtd
57e3f740 B ptd
57e3f800 B ghcca
57e3f900 B phcca
57e3f910 B ohci_dev
57e3faa0 B urb_priv
57e3fb74 B got_rhsc
57e3fb78 B devgone
57e3fb7c b gohci
57e3fd00 B boot_nand
57e3fd04 B cur_ecc_mode
57e3fd08 B nand_type
57e3fd0c B s3c_receive_done
57e3fd10 B s3c_got_header
57e3fd14 B op_mode
57e3fd18 B speed
57e3fd1c B s3c_usbd_dn_addr
57e3fd20 B DNW
57e3fd24 B remode_wakeup
57e3fd28 B config_value
57e3fd2a B otg
57e3fdae B get_status
57e3fdb3 B get_intf
57e3fdb4 b params
57e3fdb8 b none_oobinfo
57e3ff08 b data_buf
57e40708 b oob_buf
57e40748 A _end
